12-02 20:33:21.152 14195 14195 E flutter : #902    ComponentElement.mount (package:flutter/src/widgets/framework.dart:5796:5)
12-02 20:33:21.152 14195 14195 E flutter : #903    Element.inflateWidget (package:flutter/src/widgets/framework.dart:4590:20)
12-02 20:33:21.152 14195 14195 E flutter : #904    Element.updateChild (package:flutter/src/widgets/framework.dart:4053:20)
12-02 20:33:21.152 14195 14195 E flutter : #905    ComponentElement.performRebuild (package:flutter/src/widgets/framework.dart:5844:16)
12-02 20:33:21.152 14195 14195 E flutter : #906    Element.rebuild (package:flutter/src/widgets/framework.dart:5532:7)
12-02 20:33:21.152 14195 14195 E flutter : #907    StatelessElement.update (package:flutter/src/widgets/framework.dart:5898:5)
12-02 20:33:21.152 14195 14195 E flutter : #908    Element.updateChild (package:flutter/src/widgets/framework.dart:4037:15)
12-02 20:33:21.152 14195 14195 E flutter : #909    ComponentElement.performRebuild (package:flutter/src/widgets/framework.dart:5844:16)
12-02 20:33:21.152 14195 14195 E flutter : #910    Element.rebuild (package:flutter/src/widgets/framework.dart:5532:7)
12-02 20:33:21.152 14195 14195 E flutter : #911    ProxyElement.update (package:flutter/src/widgets/framework.dart:6152:5)
12-02 20:33:21.152 14195 14195 E flutter : #912    Element.updateChild (package:flutter/src/widgets/framework.dart:4037:15)
12-02 20:33:21.152 14195 14195 E flutter : #913    ComponentElement.performRebuild (package:flutter/src/widgets/framework.dart:5844:16)
12-02 20:33:21.152 14195 14195 E flutter : #914    Element.rebuild (package:flutter/src/widgets/framework.dart:5532:7)
12-02 20:33:21.152 14195 14195 E flutter : #915    ProxyElement.update (package:flutter/src/widgets/framework.dart:6152:5)
12-02 20:33:21.152 14195 14195 E flutter : #916    Element.updateChild (package:flutter/src/widgets/framework.dart:4037:15)
12-02 20:33:21.152 14195 14195 E flutter : #917    ComponentElement.performRebuild (package:flutter/src/widgets/framework.dart:5844:16)
12-02 20:33:21.152 14195 14195 E flutter : #918    StatefulElement.performRebuild (package:flutter/src/widgets/framework.dart:5985:11)
12-02 20:33:21.152 14195 14195 E flutter : #919    Element.rebuild (package:flutter/src/widgets/framework.dart:5532:7)
12-02 20:33:21.152 14195 14195 E flutter : #920    BuildScope._tryRebuild (package:flutter/src/widgets/framework.dart:2750:15)
12-02 20:33:21.152 14195 14195 E flutter : #921    BuildScope._flushDirtyElements (package:flutter/src/widgets/framework.dart:2807:11)
12-02 20:33:21.152 14195 14195 E flutter : #922    BuildOwner.buildScope (package:flutter/src/widgets/framework.dart:3111:18)
12-02 20:33:21.152 14195 14195 E flutter : #923    WidgetsBinding.drawFrame (package:flutter/src/widgets/binding.dart:1262:21)
12-02 20:33:21.152 14195 14195 E flutter : #924    RendererBinding._handlePersistentFrameCallback (package:flutter/src/rendering/binding.dart:495:5)
12-02 20:33:21.152 14195 14195 E flutter : #925    SchedulerBinding._invokeFrameCallback (package:flutter/src/scheduler/binding.dart:1434:15)
12-02 20:33:21.152 14195 14195 E flutter : #926    SchedulerBinding.handleDrawFrame (package:flutter/src/scheduler/binding.dart:1347:9)
12-02 20:33:21.152 14195 14195 E flutter : #927    SchedulerBinding._handleDrawFrame (package:flutter/src/scheduler/binding.dart:1200:5)
12-02 20:33:21.152 14195 14195 E flutter : #928    _invoke (dart:ui/hooks.dart:356:13)
12-02 20:33:21.152 14195 14195 E flutter : #929    PlatformDispatcher._drawFrame (dart:ui/platform_dispatcher.dart:444:5)
12-02 20:33:21.152 14195 14195 E flutter : #930    _drawFrame (dart:ui/hooks.dart:328:31)
12-02 20:33:21.152 14195 14195 E flutter : 
12-02 20:33:49.601  1364  1505 E FrameTracker: force finish cuj, time out: J<SPLASHSCREEN_EXIT_ANIM>
12-02 20:34:08.037   741 14332 E system_server: Could not open /dev/binderfs/binder_logs/transactions. Likely a permissions issue. errno: 2
12-02 20:34:08.037   741 14332 E android.os.Debug: Failed to get binder state info for pid: 14195 status: -2: No such file or directory
12-02 20:34:19.027   741 14332 E system_server: libdebuggerd_client: failed to read status response from tombstoned: Try again
12-02 20:34:20.288   741 14332 E system_server: Could not open /dev/binderfs/binder_logs/transactions. Likely a permissions issue. errno: 2
12-02 20:34:20.288   741 14332 E android.os.Debug: Failed to get binder state info for pid: 14195 status: -2: No such file or directory
12-02 20:34:22.341   741 14332 E system_server: libdebuggerd_client: failed to read status response from tombstoned: Try again
12-02 20:34:23.831   741 14332 E ActivityManager: Aborted stack trace dump (current primary pid=14195); deadline exceeded.
12-02 20:34:23.873   741 14333 E system_server: Could not open /dev/binderfs/binder_logs/transactions. Likely a permissions issue. errno: 2
12-02 20:34:23.873   741 14333 E android.os.Debug: Failed to get binder state info for pid: 741 status: -2: No such file or directory
12-02 20:34:25.048   308   308 E tombstoned: failed to get crash output for type kDebuggerdNativeBacktrace
12-02 20:34:25.278 14345 14345 E libc    : failed to read response to DumpRequest packet: No message of desired type
12-02 20:34:28.206   741 14333 E system_server: libdebuggerd_client: failed to read status response from tombstoned: Try again
12-02 20:34:28.369   741 14333 E system_server: Could not open /dev/binderfs/binder_logs/transactions. Likely a permissions issue. errno: 2
12-02 20:34:28.369   741 14333 E android.os.Debug: Failed to get binder state info for pid: 741 status: -2: No such file or directory
12-02 20:34:30.644   741 14333 E system_server: libdebuggerd_client: failed to read status response from tombstoned: Try again
12-02 20:34:31.289   741 14333 E ActivityManager: Aborting stack trace dump (current firstPid=741); deadline exceeded.
12-02 20:34:31.613   741 14333 E ActivityManager: ANR in com.fitstreak.fitstreak (com.fitstreak.fitstreak/.MainActivity)
12-02 20:34:31.613   741 14333 E ActivityManager: PID: 14195
12-02 20:34:31.613   741 14333 E ActivityManager: Reason: Input dispatching timed out (adcd66a com.fitstreak.fitstreak/com.fitstreak.fitstreak.MainActivity is not responding. Waited 5030ms for MotionEvent).
12-02 20:34:31.613   741 14333 E ActivityManager: Parent: com.fitstreak.fitstreak/.MainActivity
12-02 20:34:31.613   741 14333 E ActivityManager: ErrorId: 98999f8c-148c-42ff-9197-9fcc64eb6d84
12-02 20:34:31.613   741 14333 E ActivityManager: Frozen: false
12-02 20:34:31.613   741 14333 E ActivityManager: Load: 11.63 / 11.35 / 9.36
12-02 20:34:31.613   741 14333 E ActivityManager: ----- Output from /proc/pressure/memory -----
12-02 20:34:31.613   741 14333 E ActivityManager: some avg10=0.11 avg60=3.81 avg300=2.98 total=85448673
12-02 20:34:31.613   741 14333 E ActivityManager: full avg10=0.02 avg60=1.46 avg300=0.97 total=35716157
12-02 20:34:31.613   741 14333 E ActivityManager: ----- End output from /proc/pressure/memory -----
12-02 20:34:31.613   741 14333 E ActivityManager: ----- Output from /proc/pressure/cpu -----
12-02 20:34:31.613   741 14333 E ActivityManager: some avg10=39.59 avg60=52.17 avg300=57.81 total=4084066061
12-02 20:34:31.613   741 14333 E ActivityManager: full avg10=0.00 avg60=0.00 avg300=0.00 total=0
12-02 20:34:31.613   741 14333 E ActivityManager: ----- End output from /proc/pressure/cpu -----
12-02 20:34:31.613   741 14333 E ActivityManager: ----- Output from /proc/pressure/io -----
12-02 20:34:31.613   741 14333 E ActivityManager: some avg10=1.36 avg60=5.79 avg300=4.84 total=188732580
12-02 20:34:31.613   741 14333 E ActivityManager: full avg10=0.26 avg60=1.15 avg300=1.02 total=59940829
12-02 20:34:31.613   741 14333 E ActivityManager: ----- End output from /proc/pressure/io -----
12-02 20:34:31.613   741 14333 E ActivityManager: 
12-02 20:34:31.613   741 14333 E ActivityManager: CPU usage from 32ms to 23424ms later (2025-12-02 20:34:07.907 to 2025-12-02 20:34:31.299):
12-02 20:34:31.613   741 14333 E ActivityManager:   89% 741/system_server: 5.7% user + 83% kernel / faults: 3270 minor 152 major
12-02 20:34:31.613   741 14333 E ActivityManager:   63% 14195/com.fitstreak.fitstreak: 11% user + 52% kernel / faults: 16247 minor 126 major
12-02 20:34:31.613   741 14333 E ActivityManager:   29% 513/android.hardware.sensors-service.multihal: 0% user + 29% kernel
12-02 20:34:31.613   741 14333 E ActivityManager:   24% 519/android.hardware.graphics.composer3-service.ranchu: 0.1% user + 24% kernel
12-02 20:34:31.613   741 14333 E ActivityManager:   15% 556/surfaceflinger: 0.1% user + 15% kernel
12-02 20:34:31.613   741 14333 E ActivityManager:   13% 61/kswapd0: 0% user + 13% kernel
12-02 20:34:31.613   741 14333 E ActivityManager:   6.8% 2204/android.process.media: 0.4% user + 6.4% kernel / faults: 302 minor 1392 major
12-02 20:34:31.613   741 14333 E ActivityManager:   5.6% 1720/adbd: 0.2% user + 5.3% kernel / faults: 1975 minor
12-02 20:34:31.613   741 14333 E ActivityManager:   5.1% 1364/com.android.systemui: 0.5% user + 4.6% kernel / faults: 90 minor 1 major
12-02 20:34:31.613   741 14333 E ActivityManager:   4.9% 8334/com.google.android.gms.persistent: 1.2% user + 3.6% kernel / faults: 583 minor 3 major
12-02 20:34:31.613   741 14333 E ActivityManager: 80% TOTAL: 3.4% user + 61% kernel + 7.9% iowait + 6.6% softirq
12-02 20:34:31.613   741 14333 E ActivityManager: CPU usage from 608ms to 12222ms later (2025-12-02 20:34:08.484 to 2025-12-02 20:34:20.098):
12-02 20:34:31.613   741 14333 E ActivityManager:   124% 741/system_server: 6.3% user + 117% kernel / faults: 764 minor 8 major
12-02 20:34:31.613   741 14333 E ActivityManager:     38% 14335/AnrAuxiliaryTas: 0.6% user + 38% kernel
12-02 20:34:31.613   741 14333 E ActivityManager:     30% 978/InputDispatcher: 0.9% user + 29% kernel
12-02 20:34:31.613   741 14333 E ActivityManager:     17% 981/InputReader: 0.3% user + 16% kernel
12-02 20:34:31.613   741 14333 E ActivityManager:     8.1% 741/system_server: 0.1% user + 8% kernel
12-02 20:34:31.613   741 14333 E ActivityManager:     6.2% 793/android.ui: 0.5% user + 5.6% kernel
12-02 20:34:31.613   741 14333 E ActivityManager:     4.1% 958/SensorService: 0% user + 4.1% kernel
12-02 20:34:31.613   741 14333 E ActivityManager:     3.8% 1229/WifiHandlerThre: 0.1% user + 3.7% kernel
12-02 20:34:31.613   741 14333 E ActivityManager:     3.1% 961/eduling.default: 0.1% user + 3% kernel
12-02 20:34:31.613   741 14333 E ActivityManager:     1.9% 974/AlarmManager: 0% user + 1.9% kernel
12-02 20:34:31.613   741 14333 E ActivityManager:     1.2% 827/PowerManagerSer: 0% user + 1.2% kernel
12-02 20:34:31.613   741 14333 E ActivityManager:     1.1% 1472/binder:741_8: 0.2% user + 0.9% kernel
12-02 20:34:31.613   741 14333 E ActivityManager:     1% 795/android.display: 0% user + 1% kernel
12-02 20:34:31.613   741 14333 E ActivityManager:     0.8% 792/android.fg: 0.1% user + 0.7% kernel
12-02 20:34:31.613   741 14333 E ActivityManager:     0.8% 804/ActivityManager: 0.1% user + 0.7% kernel
12-02 20:34:31.613   741 14333 E ActivityManager:     0.8% 814/batterystats-ha: 0.1% user + 0.7% kernel
12-02 20:34:31.613   741 14333 E ActivityManager:     0.6% 1531/MobileDataStats: 0.1% user + 0.5% kernel
12-02 20:34:31.613   741 14333 E ActivityManager:     0.5% 14332/AnrMainProcessD: 0% user + 0.5% kernel
12-02 20:34:31.613   741 14333 E ActivityManager:     0.3% 811/OomAdjuster: 0% user + 0.3% kernel
12-02 20:34:31.613   741 14333 E ActivityManager:     0.2% 770/system_server: 0% user + 0.2% kernel
12-02 20:34:31.613   741 14333 E ActivityManager:   36% 513/android.hardware.sensors-service.multihal: 0% user + 36% kernel
12-02 20:34:31.613   741 14333 E ActivityManager:     26% 520/android.hardwar: 0% user + 26% kernel
12-02 20:34:31.613   741 14333 E ActivityManager:     10% 521/android.hardwar: 0% user + 10% kernel
12-02 20:34:31.613   741 14333 E ActivityManager:   20% 519/android.hardware.graphics.composer3-service.ranchu: 0.1% user + 20% kernel
12-02 20:34:31.613   741 14333 E ActivityManager:     17% 580/_thread: 0.1% user + 17% kernel
12-02 20:34:31.613   741 14333 E ActivityManager:     3.3% 534/binder:519_1: 0% user + 3.3% kernel
12-02 20:34:31.613   741 14333 E ActivityManager:   12% 556/surfaceflinger: 0.1% user + 12% kernel
12-02 20:34:31.613   741 14333 E ActivityManager:     3.5% 587/TimerDispatch: 0% user + 3.5% kernel
12-02 20:34:31.613   741 14333 E ActivityManager:     2.1% 588/app: 0% user + 2.1% kernel
12-02 20:34:31.613   741 14333 E ActivityManager:     2% 1342/binder:556_5: 0.1% user + 1.9% kernel
12-02 20:34:31.613   741 14333 E ActivityManager:     1.8% 570/binder:556_2: 0.1% user + 1.7% kernel
12-02 20:34:31.613   741 14333 E ActivityManager:     1% 574/RenderEngine: 0% user + 1% kernel
12-02 20:34:31.613   741 14333 E ActivityManager:     0.6% 592/TouchTimer: 0% user + 0.6% kernel
12-02 20:34:31.613   741 14333 E ActivityManager:     0.5% 636/binder:556_4: 0% user + 0.5% kernel
12-02 20:34:31.613   741 14333 E ActivityManager:     0.3% 593/surfaceflinger: 0% user + 0.3% kernel
12-02 20:34:31.613   741 14333 E ActivityManager:     0.2% 556/surfaceflinger: 0% user + 0.2% kernel
12-02 20:34:31.613   741 14333 E ActivityManager:   92% 14195/com.fitstreak.fitstreak: 6.1% user + 86% kernel / faults: 76 minor
12-02 20:34:31.613   741 14333 E ActivityManager:     65% 14273/1.raster: 0% user + 65% kernel
12-02 20:34:31.613   741 14333 E ActivityManager:     20% 14195/treak.fitstreak: 2% user + 18% kernel
12-02 20:34:31.613   741 14333 E ActivityManager:     8.2% 14200/Signal Catcher: 2% user + 6.1% kernel
12-02 20:34:31.613   741 14333 E ActivityManager:   4.2% 232/logd: 0% user + 4.2% kernel / faults: 4 minor
12-02 20:34:31.613   741 14333 E ActivityManager:     3.5% 244/logd.auditd: 0% user + 3.4% kernel
12-02 20:34:31.613   741 14333 E ActivityManager:     0.7% 237/logd.writer: 0% user + 0.7% kernel
12-02 20:34:31.613   741 14333 E ActivityManager:   4.7% 1322/ot-daemon: 0% user + 4.7% kernel
12-02 20:34:31.613   741 14333 E ActivityManager:   4.2% 1364/com.android.systemui: 0.3% user + 3.9% kernel / faults: 54 minor 1 major
12-02 20:34:31.613   741 14333 E ActivityManager:     4.2% 1364/ndroid.systemui: 0.4% user + 3.8% kernel
12-02 20:34:31.613   741 14333 E ActivityManager:   3.9% 1753/com.google.android.apps.nexuslauncher: 0.2% user + 3.7% kernel / faults: 35 minor
12-02 20:34:31.613   741 14333 E ActivityManager:     3.9% 1753/s.nexuslauncher: 0.2% user + 3.7% kernel
12-02 20:34:31.613   741 14333 E ActivityManager:   3.2% 1720/adbd: 0.1% user + 3.1% kernel / faults: 2 minor
12-02 20:34:31.613   741 14333 E ActivityManager:     2.1% 1720/adbd: 0.1% user + 2% kernel
12-02 20:34:31.613   741 14333 E ActivityManager:     0.6% 13811/adbd: 0% user + 0.6% kernel
12-02 20:34:31.613   741 14333 E ActivityManager:     0.3% 13812/adbd: 0% user + 0.3% kernel
12-02 20:34:31.613   741 14333 E ActivityManager:   2% 2204/android.process.media: 0.2% user + 1.7% kernel / faults: 21 minor 757 major
12-02 20:34:31.613   741 14333 E ActivityManager:     0.4% 2204/d.process.media: 0% user + 0.4% kernel
12-02 20:34:31.613   741 14333 E ActivityManager:     0.3% 2310/android.bg: 0% user + 0.3% kernel
12-02 20:34:31.613   741 14333 E ActivityManager:    +0% 14341/Thread-28: 0% user + 0% kernel
12-02 20:34:31.613   741 14333 E ActivityManager:   1.4% 15/ksoftirqd/0: 0% user + 1.4% kernel
12-02 20:34:31.613   741 14333 E ActivityManager:   1.3% 16/rcu_preempt: 0% user + 1.3% kernel
12-02 20:34:31.613   741 14333 E ActivityManager:   1.4% 1291/android.hardware.biometrics.fingerprint-service.ranchu: 0% user + 1.4% kernel
12-02 20:34:31.613   741 14333 E ActivityManager:     1.5% 1302/binder:1291_3: 0% user + 1.5% kernel
12-02 20:34:31.613   741 14333 E ActivityManager:   2.8% 8334/com.google.android.gms.persistent: 0.8% user + 2% kernel / faults: 26 minor
12-02 20:34:31.613   741 14333 E ActivityManager:     2.2% 8490/netscheduler-qu: 0.6% user + 1.5% kernel
12-02 20:34:31.613   741 14333 E ActivityManager:     0.6% 8334/.gms.persistent: 0.2% user + 0.4% kernel
12-02 20:34:31.613   741 14333 E ActivityManager:    +0% 14339/-Executor] idle: 0% user + 0% kernel
12-02 20:34:31.613   741 14333 E ActivityManager:    +0% 14340/-Executor] idle: 0% user + 0% kernel
12-02 20:34:31.613   741 14333 E ActivityManager:   1.3% 1695/wpa_supplicant: 0% user + 1.3% kernel
12-02 20:34:31.613   741 14333 E ActivityManager:   1% 481/statsd: 0% user + 0.9% kernel
12-02 20:34:31.613   741 14333 E ActivityManager:     0.5% 489/statsd.reader: 0% user + 0.4% kernel
12-02 20:34:31.613   741 14333 E ActivityManager:     0.3% 487/statsd.writer: 0% user + 0.3% kernel
12-02 20:34:31.613   741 14333 E ActivityManager:   0.8% 38/ksoftirqd/3: 0% user + 0.8% kernel
12-02 20:34:31.613   741 14333 E ActivityManager:   0.3% 32/ksoftirqd/2: 0% user + 0.3% kernel
12-02 20:34:31.613   741 14333 E ActivityManager:   0.4% 544/android.hardware.power-service.example: 0% user + 0.4% kernel
12-02 20:34:31.613   741 14333 E ActivityManager:     0.4% 544/android.hardwar: 0% user + 0.4% kernel
12-02 20:34:31.613   741 14333 E ActivityManager:   0.4% 549/android.hardware.threadnetwork-service: 0% user + 0.4% kernel
12-02 20:34:31.613   741 14333 E ActivityManager:   0.2% 26/ksoftirqd/1: 0% user + 0.2% kernel
12-02 20:34:31.613   741 14333 E ActivityManager:   0.2% 479/netd: 0% user + 0.2% kernel
12-02 20:34:31.613   741 14333 E ActivityManager:     0.2% 484/netd: 0% user + 0.2% kernel
12-02 20:34:31.613   741 14333 E ActivityManager:   0.1% 235/servicemanager: 0% user + 0.1% kernel
12-02 20:34:31.613   741 14333 E ActivityManager:     0.2% 235/servicemanager: 0% user + 0.1% kernel
12-02 20:34:31.613   741 14333 E ActivityManager:   0.2% 4271/com.android.phone: 0% user + 0.2% kernel
12-02 20:34:31.613   741 14333 E ActivityManager:     0.2% 4343/binder:4271_5: 0% user + 0.2% kernel
12-02 20:34:31.613   741 14333 E ActivityManager:   0% 263/android.system.suspend-service: 0% user + 0% kernel
12-02 20:34:31.613   741 14333 E ActivityManager:     0% 263/android.system.: 0% user + 0% kernel
12-02 20:34:31.613   741 14333 E ActivityManager:   1.9% 13663/kworker/u10:1-loop30: 0% user + 1.9% kernel
12-02 20:34:31.613   741 14333 E ActivityManager:   1.9% 13913/logcat: 1.9% user + 0% kernel
12-02 20:34:31.613   741 14333 E ActivityManager: 76% TOTAL: 4.2% user + 60% kernel + 5.2% iowait + 5.9% softirq
12-02 20:34:32.667   308   308 E tombstoned: Traces for pid 14195 written to: trace_00
12-02 20:34:33.896 14359 14359 E crash_dump64: failed to interrupt 14333 to detach: No such process
12-02 20:34:33.898 14359 14359 E crash_dump64: failed to interrupt 14335 to detach: No such process
12-02 20:34:34.964   308   308 E tombstoned: failed to get crash output for type kDebuggerdNativeBacktrace
12-02 20:34:34.983 14359 14359 E libc    : failed to read response to DumpRequest packet: No message of desired type
12-02 20:34:40.196   741  1780 E SurfaceSyncGroup: Failed to receive transaction ready in 1000ms. Marking SurfaceSyncGroup(wmsSync-VRI[fitstreak]#4) as ready
12-02 20:34:40.197   741  1780 E SurfaceSyncGroup: Failed to receive transaction ready in 1000ms. Marking SurfaceSyncGroup(VRI[fitstreak]#5) as ready
12-02 20:34:50.913   308   308 E tombstoned: Traces for pid 741 written to: trace_01
12-02 20:35:01.321   504 14386 E android.hardware.audio@7.1-impl.ranchu: pcmWrite:260 failure: -1
12-02 20:35:01.459   504 14386 E android.hardware.audio@7.1-impl.ranchu: pcmWrite:260 failure: -1
12-02 20:35:01.552   504 14386 E android.hardware.audio@7.1-impl.ranchu: pcmWrite:260 failure: -1
12-02 20:35:01.683   504 14386 E android.hardware.audio@7.1-impl.ranchu: pcmWrite:260 failure: -1
12-02 20:35:01.789   504 14386 E android.hardware.audio@7.1-impl.ranchu: pcmWrite:260 failure: -1
12-02 20:35:01.935   504 14386 E android.hardware.audio@7.1-impl.ranchu: pcmWrite:260 failure: -1
12-02 20:35:02.040   504 14386 E android.hardware.audio@7.1-impl.ranchu: pcmWrite:260 failure: -1
12-02 20:35:02.178   504 14386 E android.hardware.audio@7.1-impl.ranchu: pcmWrite:260 failure: -1
12-02 20:35:02.375   504 14386 E android.hardware.audio@7.1-impl.ranchu: pcmWrite:260 failure: -1
12-02 20:35:02.517   504 14386 E android.hardware.audio@7.1-impl.ranchu: pcmWrite:260 failure: -1
12-02 20:35:02.624   504 14386 E android.hardware.audio@7.1-impl.ranchu: pcmWrite:260 failure: -1
12-02 20:35:02.754   504 14386 E android.hardware.audio@7.1-impl.ranchu: pcmWrite:260 failure: -1
12-02 20:35:02.873   504 14386 E android.hardware.audio@7.1-impl.ranchu: pcmWrite:260 failure: -1
12-02 20:35:03.011   504 14386 E android.hardware.audio@7.1-impl.ranchu: pcmWrite:260 failure: -1
12-02 20:35:03.109   504 14386 E android.hardware.audio@7.1-impl.ranchu: pcmWrite:260 failure: -1
12-02 20:35:03.268   504 14386 E android.hardware.audio@7.1-impl.ranchu: pcmWrite:260 failure: -1
12-02 20:35:03.448   504 14386 E android.hardware.audio@7.1-impl.ranchu: pcmWrite:260 failure: -1
12-02 20:35:03.570   504 14386 E android.hardware.audio@7.1-impl.ranchu: pcmWrite:260 failure: -1
12-02 20:35:03.712   504 14386 E android.hardware.audio@7.1-impl.ranchu: pcmWrite:260 failure: -1
12-02 20:35:03.970   504 14386 E android.hardware.audio@7.1-impl.ranchu: pcmWrite:260 failure: -1
12-02 20:35:04.110   504 14386 E android.hardware.audio@7.1-impl.ranchu: pcmWrite:260 failure: -1
12-02 20:35:04.232   504 14386 E android.hardware.audio@7.1-impl.ranchu: pcmWrite:260 failure: -1
12-02 20:35:04.358   504 14386 E android.hardware.audio@7.1-impl.ranchu: pcmWrite:260 failure: -1
12-02 20:35:04.506   504 14386 E android.hardware.audio@7.1-impl.ranchu: pcmWrite:260 failure: -1
12-02 20:35:04.709   504 14386 E android.hardware.audio@7.1-impl.ranchu: pcmWrite:260 failure: -1
12-02 20:35:04.911   504 14386 E android.hardware.audio@7.1-impl.ranchu: pcmWrite:260 failure: -1
12-02 20:35:05.042   504 14386 E android.hardware.audio@7.1-impl.ranchu: pcmWrite:260 failure: -1
12-02 20:35:05.177   504 14386 E android.hardware.audio@7.1-impl.ranchu: pcmWrite:260 failure: -1
12-02 20:35:05.295   504 14386 E android.hardware.audio@7.1-impl.ranchu: pcmWrite:260 failure: -1
12-02 20:35:05.480   504 14386 E android.hardware.audio@7.1-impl.ranchu: pcmWrite:260 failure: -1
12-02 20:35:05.668   504 14386 E android.hardware.audio@7.1-impl.ranchu: pcmWrite:260 failure: -1
12-02 20:35:07.863   741   793 E ActivityManager: App already has anr dialog: ProcessRecord{1ebf322 14195:com.fitstreak.fitstreak/u0a215}
12-02 20:35:09.093   741  1780 E SurfaceSyncGroup: Failed to receive transaction ready in 1000ms. Marking SurfaceSyncGroup(wmsSync-VRI[fitstreak]#6) as ready
12-02 20:35:09.120   741  1780 E SurfaceSyncGroup: Failed to receive transaction ready in 1000ms. Marking SurfaceSyncGroup(VRI[fitstreak]#7) as ready
12-02 20:35:18.644  4911  4911 E ConfigUpdater: Content download complete but local path is null, retrying.
12-02 20:38:47.739   741   814 E BluetoothPowerStatsCollector: Cannot acquire BluetoothActivityEnergyInfo
12-02 20:38:47.739   741   814 E BluetoothPowerStatsCollector: java.util.concurrent.ExecutionException: java.lang.RuntimeException: error: 11
12-02 20:38:47.739   741   814 E BluetoothPowerStatsCollector: 	at java.util.concurrent.CompletableFuture.reportGet(CompletableFuture.java:372)
12-02 20:38:47.739   741   814 E BluetoothPowerStatsCollector: 	at java.util.concurrent.CompletableFuture.get(CompletableFuture.java:2072)
12-02 20:38:47.739   741   814 E BluetoothPowerStatsCollector: 	at com.android.server.power.stats.BluetoothPowerStatsCollector.collectBluetoothActivityInfo(BluetoothPowerStatsCollector.java:192)
12-02 20:38:47.739   741   814 E BluetoothPowerStatsCollector: 	at com.android.server.power.stats.BluetoothPowerStatsCollector.collectStats(BluetoothPowerStatsCollector.java:155)
12-02 20:38:47.739   741   814 E BluetoothPowerStatsCollector: 	at com.android.server.power.stats.PowerStatsCollector.collectAndDeliverStats(PowerStatsCollector.java:176)
12-02 20:38:47.739   741   814 E BluetoothPowerStatsCollector: 	at com.android.server.power.stats.PowerStatsCollector$$ExternalSyntheticLambda0.run(R8$$SyntheticClass:0)
12-02 20:38:47.739   741   814 E BluetoothPowerStatsCollector: 	at android.os.Handler.handleCallback(Handler.java:995)
12-02 20:38:47.739   741   814 E BluetoothPowerStatsCollector: 	at android.os.Handler.dispatchMessage(Handler.java:103)
12-02 20:38:47.739   741   814 E BluetoothPowerStatsCollector: 	at android.os.Looper.loopOnce(Looper.java:248)
12-02 20:38:47.739   741   814 E BluetoothPowerStatsCollector: 	at android.os.Looper.loop(Looper.java:338)
12-02 20:38:47.739   741   814 E BluetoothPowerStatsCollector: 	at android.os.HandlerThread.run(HandlerThread.java:85)
12-02 20:38:47.739   741   814 E BluetoothPowerStatsCollector: Caused by: java.lang.RuntimeException: error: 11
12-02 20:38:47.739   741   814 E BluetoothPowerStatsCollector: 	at com.android.server.power.stats.BluetoothPowerStatsCollector$1.onBluetoothActivityEnergyInfoError(BluetoothPowerStatsCollector.java:181)
12-02 20:38:47.739   741   814 E BluetoothPowerStatsCollector: 	at android.bluetooth.BluetoothAdapter$OnBluetoothActivityEnergyInfoProxy.lambda$onBluetoothActivityEnergyInfoAvailable$0(BluetoothAdapter.java:1037)
12-02 20:38:47.739   741   814 E BluetoothPowerStatsCollector: 	at android.bluetooth.BluetoothAdapter$OnBluetoothActivityEnergyInfoProxy$$ExternalSyntheticLambda1.run(D8$$SyntheticClass:0)
12-02 20:38:47.739   741   814 E BluetoothPowerStatsCollector: 	at android.bluetooth.BluetoothUtils.lambda$executeFromBinder$0(BluetoothUtils.java:343)
12-02 20:38:47.739   741   814 E BluetoothPowerStatsCollector: 	at android.bluetooth.BluetoothUtils$$ExternalSyntheticLambda1.run(D8$$SyntheticClass:0)
12-02 20:38:47.739   741   814 E BluetoothPowerStatsCollector: 	at com.android.server.SystemServerInitThreadPool$$ExternalSyntheticLambda0.execute(R8$$SyntheticClass:0)
12-02 20:38:47.739   741   814 E BluetoothPowerStatsCollector: 	at android.bluetooth.BluetoothUtils.executeFromBinder(BluetoothUtils.java:343)
12-02 20:38:47.739   741   814 E BluetoothPowerStatsCollector: 	at android.bluetooth.BluetoothAdapter$OnBluetoothActivityEnergyInfoProxy.onBluetoothActivityEnergyInfoAvailable(BluetoothAdapter.java:1035)
12-02 20:38:47.739   741   814 E BluetoothPowerStatsCollector: 	at android.bluetooth.IBluetoothActivityEnergyInfoListener$Stub.onTransact(IBluetoothActivityEnergyInfoListener.java:98)
12-02 20:38:47.739   741   814 E BluetoothPowerStatsCollector: 	at android.os.Binder.execTransactInternal(Binder.java:1426)
12-02 20:38:47.739   741   814 E BluetoothPowerStatsCollector: 	at android.os.Binder.execTransact(Binder.java:1365)
12-02 20:38:54.042   504 14435 E android.hardware.audio@7.1-impl.ranchu: pcmWrite:260 failure: -1
12-02 20:38:54.169   504 14435 E android.hardware.audio@7.1-impl.ranchu: pcmWrite:260 failure: -1
12-02 20:38:54.320   504 14435 E android.hardware.audio@7.1-impl.ranchu: pcmWrite:260 failure: -1
12-02 20:38:54.927   504 14435 E android.hardware.audio@7.1-impl.ranchu: pcmWrite:260 failure: -1
12-02 20:38:55.119   504 14435 E android.hardware.audio@7.1-impl.ranchu: pcmWrite:260 failure: -1
12-02 20:38:55.383   504 14435 E android.hardware.audio@7.1-impl.ranchu: pcmWrite:260 failure: -1
12-02 20:38:55.572   504 14435 E android.hardware.audio@7.1-impl.ranchu: pcmWrite:260 failure: -1
12-02 20:38:55.822   504 14435 E android.hardware.audio@7.1-impl.ranchu: pcmWrite:260 failure: -1
12-02 20:38:55.943   504 14435 E android.hardware.audio@7.1-impl.ranchu: pcmWrite:260 failure: -1
12-02 20:39:01.253   741  1780 E SurfaceSyncGroup: Failed to receive transaction ready in 1000ms. Marking SurfaceSyncGroup(wmsSync-VRI[fitstreak]#8) as ready
12-02 20:39:01.256   741  1780 E SurfaceSyncGroup: Failed to receive transaction ready in 1000ms. Marking SurfaceSyncGroup(VRI[fitstreak]#9) as ready
12-02 20:39:27.539   504 14445 E android.hardware.audio@7.1-impl.ranchu: pcmWrite:260 failure: -1
12-02 20:39:27.832   504 14445 E android.hardware.audio@7.1-impl.ranchu: pcmWrite:260 failure: -1
12-02 20:39:27.951   504 14445 E android.hardware.audio@7.1-impl.ranchu: pcmWrite:260 failure: -1
12-02 20:39:28.065   504 14445 E android.hardware.audio@7.1-impl.ranchu: pcmWrite:260 failure: -1
12-02 20:39:28.232   504 14445 E android.hardware.audio@7.1-impl.ranchu: pcmWrite:260 failure: -1
12-02 20:39:28.425   504 14445 E android.hardware.audio@7.1-impl.ranchu: pcmWrite:260 failure: -1
12-02 20:39:28.620   504 14445 E android.hardware.audio@7.1-impl.ranchu: pcmWrite:260 failure: -1
12-02 20:39:28.852   504 14445 E android.hardware.audio@7.1-impl.ranchu: pcmWrite:260 failure: -1
12-02 20:39:29.163   504 14445 E android.hardware.audio@7.1-impl.ranchu: pcmWrite:260 failure: -1
12-02 20:39:29.484   504 14445 E android.hardware.audio@7.1-impl.ranchu: pcmWrite:260 failure: -1
12-02 20:39:29.804   504 14445 E android.hardware.audio@7.1-impl.ranchu: pcmWrite:260 failure: -1
12-02 20:39:30.215   504 14445 E android.hardware.audio@7.1-impl.ranchu: pcmWrite:260 failure: -1
12-02 20:39:30.370   504 14445 E android.hardware.audio@7.1-impl.ranchu: pcmWrite:260 failure: -1
12-02 20:39:30.497   504 14445 E android.hardware.audio@7.1-impl.ranchu: pcmWrite:260 failure: -1
12-02 20:39:30.784   504 14445 E android.hardware.audio@7.1-impl.ranchu: pcmWrite:260 failure: -1
12-02 20:39:30.995   504 14445 E android.hardware.audio@7.1-impl.ranchu: pcmWrite:260 failure: -1
12-02 20:39:31.105   504 14445 E android.hardware.audio@7.1-impl.ranchu: pcmWrite:260 failure: -1
12-02 20:39:31.367   504 14445 E android.hardware.audio@7.1-impl.ranchu: pcmWrite:260 failure: -1
12-02 20:39:31.529   504 14445 E android.hardware.audio@7.1-impl.ranchu: pcmWrite:260 failure: -1
12-02 20:39:31.931   504 14445 E android.hardware.audio@7.1-impl.ranchu: pcmWrite:260 failure: -1
12-02 20:39:32.230   504 14445 E android.hardware.audio@7.1-impl.ranchu: pcmWrite:260 failure: -1
12-02 20:39:32.408   504 14445 E android.hardware.audio@7.1-impl.ranchu: pcmWrite:260 failure: -1
12-02 20:39:32.585   504 14445 E android.hardware.audio@7.1-impl.ranchu: pcmWrite:260 failure: -1
12-02 20:39:32.762   504 14445 E android.hardware.audio@7.1-impl.ranchu: pcmWrite:260 failure: -1
12-02 20:39:32.776   741 14449 E system_server: Could not open /dev/binderfs/binder_logs/transactions. Likely a permissions issue. errno: 2
12-02 20:39:32.776   741 14449 E android.os.Debug: Failed to get binder state info for pid: 741 status: -2: No such file or directory
12-02 20:39:32.947   504 14445 E android.hardware.audio@7.1-impl.ranchu: pcmWrite:260 failure: -1
12-02 20:39:33.040   504 14445 E android.hardware.audio@7.1-impl.ranchu: pcmWrite:260 failure: -1
12-02 20:39:33.230   504 14445 E android.hardware.audio@7.1-impl.ranchu: pcmWrite:260 failure: -1
12-02 20:39:33.351   504 14445 E android.hardware.audio@7.1-impl.ranchu: pcmWrite:260 failure: -1
12-02 20:39:33.410   504 14445 E android.hardware.audio@7.1-impl.ranchu: pcmWrite:260 failure: -1
12-02 20:39:35.429   741  1780 E SurfaceSyncGroup: Failed to receive transaction ready in 1000ms. Marking SurfaceSyncGroup(wmsSync-VRI[fitstreak]#10) as ready
12-02 20:39:35.430   741  1780 E SurfaceSyncGroup: Failed to receive transaction ready in 1000ms. Marking SurfaceSyncGroup(VRI[fitstreak]#11) as ready
12-02 20:39:38.687   741   978 E InputDispatcher: channel 'adcd66a com.fitstreak.fitstreak/com.fitstreak.fitstreak.MainActivity' ~ Channel is unrecoverably broken and will be disposed!
12-02 20:39:41.893   741  3499 E IPCThreadState: Binder transaction failure. id: 3472902, BR_*: 29189, error: -22 (Invalid argument)
12-02 20:39:42.095   556   556 E BpTransactionCompletedListener: Failed to transact (-32)
12-02 20:39:42.097   556   556 E BpTransactionCompletedListener: Failed to transact (-32)
12-02 20:39:42.102   741 14450 E system_server: Could not open /dev/binderfs/binder_logs/transactions. Likely a permissions issue. errno: 2
12-02 20:39:42.102   741 14450 E android.os.Debug: Failed to get binder state info for pid: 8474 status: -2: No such file or directory
12-02 20:39:45.140   741  4298 E TaskPersister: File error accessing recents directory (directory doesn't exist?).
12-02 20:39:46.920   741 14450 E system_server: Could not open /dev/binderfs/binder_logs/transactions. Likely a permissions issue. errno: 2
12-02 20:39:46.921   741 14450 E android.os.Debug: Failed to get binder state info for pid: 2097 status: -2: No such file or directory
12-02 20:39:49.067   741 14450 E system_server: Could not open /dev/binderfs/binder_logs/transactions. Likely a permissions issue. errno: 2
12-02 20:39:49.067   741 14450 E android.os.Debug: Failed to get binder state info for pid: 4271 status: -2: No such file or directory
12-02 20:39:52.303   741 14450 E system_server: libdebuggerd_client: failed to read status response from tombstoned: Try again
12-02 20:39:52.566   741 14450 E system_server: Could not open /dev/binderfs/binder_logs/transactions. Likely a permissions issue. errno: 2
12-02 20:39:52.566   741 14450 E android.os.Debug: Failed to get binder state info for pid: 4271 status: -2: No such file or directory
12-02 20:39:54.575   741 14450 E system_server: libdebuggerd_client: timeout expired before poll
12-02 20:39:54.841   741 14450 E ActivityManager: Aborting stack trace dump (current firstPid=4271); deadline exceeded.
12-02 20:39:55.636   741 14450 E ActivityManager: ANR in system
12-02 20:39:55.636   741 14450 E ActivityManager: PID: 741
12-02 20:39:55.636   741 14450 E ActivityManager: Reason: Input dispatching timed out (PointerEventDispatcher0 is not responding. Waited 5004ms for MotionEvent).
12-02 20:39:55.636   741 14450 E ActivityManager: ErrorId: 76867e70-25b2-4245-a2fa-a7a7f28a1c3c
12-02 20:39:55.636   741 14450 E ActivityManager: Frozen: false
12-02 20:39:55.636   741 14450 E ActivityManager: Load: 11.74 / 10.65 / 9.62
12-02 20:39:55.636   741 14450 E ActivityManager: ----- Output from /proc/pressure/memory -----
12-02 20:39:55.636   741 14450 E ActivityManager: some avg10=0.13 avg60=0.10 avg300=1.34 total=88427562
12-02 20:39:55.636   741 14450 E ActivityManager: full avg10=0.06 avg60=0.04 avg300=0.47 total=37228003
12-02 20:39:55.636   741 14450 E ActivityManager: ----- End output from /proc/pressure/memory -----
12-02 20:39:55.636   741 14450 E ActivityManager: ----- Output from /proc/pressure/cpu -----
12-02 20:39:55.636   741 14450 E ActivityManager: some avg10=49.55 avg60=63.90 avg300=60.80 total=4287774947
12-02 20:39:55.636   741 14450 E ActivityManager: full avg10=0.00 avg60=0.00 avg300=0.00 total=0
12-02 20:39:55.636   741 14450 E ActivityManager: ----- End output from /proc/pressure/cpu -----
12-02 20:39:55.636   741 14450 E ActivityManager: ----- Output from /proc/pressure/io -----
12-02 20:39:55.636   741 14450 E ActivityManager: some avg10=1.16 avg60=0.95 avg300=3.44 total=200545274
12-02 20:39:55.636   741 14450 E ActivityManager: full avg10=0.10 avg60=0.17 avg300=0.90 total=63608838
12-02 20:39:55.636   741 14450 E ActivityManager: ----- End output from /proc/pressure/io -----
12-02 20:39:55.636   741 14450 E ActivityManager: 
12-02 20:39:55.636   741 14450 E ActivityManager: CPU usage from 2ms to 22087ms later (2025-12-02 20:39:32.767 to 2025-12-02 20:39:54.859) with 99% awake:
12-02 20:39:55.636   741 14450 E ActivityManager:   57% 741/system_server: 2.9% user + 54% kernel / faults: 14476 minor 43 major
12-02 20:39:55.636   741 14450 E ActivityManager:   48% 513/android.hardware.sensors-service.multihal: 0% user + 48% kernel
12-02 20:39:55.636   741 14450 E ActivityManager:   46% 519/android.hardware.graphics.composer3-service.ranchu: 0.1% user + 45% kernel
12-02 20:39:55.636   741 14450 E ActivityManager:   33% 556/surfaceflinger: 0.6% user + 32% kernel / faults: 53 minor
12-02 20:39:55.636   741 14450 E ActivityManager:   22% 4271/com.android.phone: 1.4% user + 21% kernel / faults: 1697 minor 165 major
12-02 20:39:55.636   741 14450 E ActivityManager:   16% 8474/com.google.android.inputmethod.latin: 6.1% user + 9.9% kernel / faults: 2864 minor 167 major
12-02 20:39:55.636   741 14450 E ActivityManager:   11% 1364/com.android.systemui: 0.7% user + 10% kernel / faults: 93 minor 4 major
12-02 20:39:55.636   741 14450 E ActivityManager:   8.2% 1753/com.google.android.apps.nexuslauncher: 0.7% user + 7.4% kernel / faults: 180 minor
12-02 20:39:55.636   741 14450 E ActivityManager:   0.4% 2097/com.android.emulator.multidisplay: 0% user + 0.4% kernel / faults: 1145 minor 322 major
12-02 20:39:55.636   741 14450 E ActivityManager:   5.6% 1720/adbd: 0.3% user + 5.3% kernel / faults: 2192 minor
12-02 20:39:55.636   741 14450 E ActivityManager: 76% TOTAL: 4% user + 66% kernel + 1.3% iowait + 4.1% softirq
12-02 20:39:55.636   741 14450 E ActivityManager: CPU usage from 351ms to 2134ms later (2025-12-02 20:39:33.180 to 2025-12-02 20:39:34.899) with 103% awake:
12-02 20:39:55.636   741 14450 E ActivityManager:   81% 519/android.hardware.graphics.composer3-service.ranchu: 0% user + 81% kernel
12-02 20:39:55.636   741 14450 E ActivityManager:     75% 534/binder:519_1: 0% user + 75% kernel
12-02 20:39:55.636   741 14450 E ActivityManager:     7.1% 580/_thread: 0% user + 7.1% kernel
12-02 20:39:55.636   741 14450 E ActivityManager:   65% 741/system_server: 5.6% user + 59% kernel / faults: 771 minor 2 major
12-02 20:39:55.636   741 14450 E ActivityManager:     40% 14451/AnrAuxiliaryTas: 0% user + 40% kernel
12-02 20:39:55.636   741 14450 E ActivityManager:     11% 1770/RenderThread: 1.1% user + 10% kernel
12-02 20:39:55.636   741 14450 E ActivityManager:     3.3% 768/Signal Catcher: 0% user + 3.3% kernel
12-02 20:39:55.636   741 14450 E ActivityManager:     2.2% 819/FileObserver: 1.1% user + 1.1% kernel
12-02 20:39:55.636   741 14450 E ActivityManager:     1.1% 793/android.ui: 1.1% user + 0% kernel
12-02 20:39:55.636   741 14450 E ActivityManager:     1.1% 804/ActivityManager: 0% user + 1.1% kernel
12-02 20:39:55.636   741 14450 E ActivityManager:   43% 556/surfaceflinger: 1.1% user + 42% kernel / faults: 4 minor
12-02 20:39:55.636   741 14450 E ActivityManager:     17% 574/RenderEngine: 0% user + 17% kernel
12-02 20:39:55.636   741 14450 E ActivityManager:     12% 556/surfaceflinger: 1.1% user + 11% kernel
12-02 20:39:55.636   741 14450 E ActivityManager:     6.7% 590/RegionSampling: 0% user + 6.7% kernel
12-02 20:39:55.636   741 14450 E ActivityManager:     3.3% 636/binder:556_4: 0% user + 3.3% kernel
12-02 20:39:55.636   741 14450 E ActivityManager:     2.2% 587/TimerDispatch: 0% user + 2.2% kernel
12-02 20:39:55.636   741 14450 E ActivityManager:     1.1% 570/binder:556_2: 0% user + 1.1% kernel
12-02 20:39:55.636   741 14450 E ActivityManager:   29% 1364/com.android.systemui: 3.3% user + 26% kernel / faults: 1 minor
12-02 20:39:55.636   741 14450 E ActivityManager:     27% 1543/RenderThread: 0% user + 27% kernel
12-02 20:39:55.636   741 14450 E ActivityManager:   29% 1753/com.google.android.apps.nexuslauncher: 3.4% user + 26% kernel / faults: 3 minor
12-02 20:39:55.636   741 14450 E ActivityManager:     29% 1778/RenderThread: 1.1% user + 28% kernel
12-02 20:39:55.636   741 14450 E ActivityManager:     1.1% 1753/s.nexuslauncher: 0% user + 1.1% kernel
12-02 20:39:55.636   741 14450 E ActivityManager:   35% 8474/com.google.android.inputmethod.latin: 14% user + 21% kernel / faults: 33 minor
12-02 20:39:55.636   741 14450 E ActivityManager:     35% 8481/HeapTaskDaemon: 19% user + 15% kernel
12-02 20:39:55.636   741 14450 E ActivityManager:     1.7% 8775/ExeSeq-P10-1: 0% user + 1.7% kernel
12-02 20:39:55.636   741 14450 E ActivityManager:   21% 509/android.hardware.graphics.allocator-service.ranchu: 0% user + 21% kernel
12-02 20:39:55.636   741 14450 E ActivityManager:     22% 581/binder:509_3: 1.1% user + 21% kernel
12-02 20:39:55.636   741 14450 E ActivityManager:   33% 14195/com.fitstreak.fitstreak: 2.2% user + 31% kernel / faults: 2 minor
12-02 20:39:55.636   741 14450 E ActivityManager:     17% 14273/1.raster: 0% user + 17% kernel
12-02 20:39:55.636   741 14450 E ActivityManager:     15% 14195/treak.fitstreak: 2.2% user + 13% kernel
12-02 20:39:55.636   741 14450 E ActivityManager:   4.7% 513/android.hardware.sensors-service.multihal: 0% user + 4.7% kernel
12-02 20:39:55.636   741 14450 E ActivityManager:     4.7% 520/android.hardwar: 0% user + 4.7% kernel
12-02 20:39:55.636   741 14450 E ActivityManager:   2.2% 1720/adbd: 0% user + 2.2% kernel / faults: 3 minor
12-02 20:39:55.636   741 14450 E ActivityManager:     1.1% 1720/adbd: 0% user + 1.1% kernel
12-02 20:39:55.636   741 14450 E ActivityManager:   4.3% 13927/kworker/u9:0-writeback: 0% user + 4.3% kernel
12-02 20:39:55.636   741 14450 E ActivityManager:   0.7% 15/ksoftirqd/0: 0% user + 0.7% kernel
12-02 20:39:55.639   741 14450 E ActivityManager:   2.1% 13147/kworker/u12:2-events_unbound: 0% user + 2.1% kernel
12-02 20:39:55.639   741 14450 E ActivityManager:   2.2% 14110/kworker/2:4-virtio_vsock: 0% user + 2.2% kernel
12-02 20:39:55.639   741 14450 E ActivityManager: 78% TOTAL: 3.2% user + 71% kernel + 0.9% iowait + 3.2% softirq
12-02 20:39:56.019   308   308 E tombstoned: Traces for pid 4271 written to: trace_02
12-02 20:39:59.076   741  1780 E SurfaceSyncGroup: Failed to receive transaction ready in 1000ms. Marking SurfaceSyncGroup(wmsSync-VRI[Application Not Responding: system]#14) as ready
12-02 20:39:59.112   741  1780 E SurfaceSyncGroup: Failed to receive transaction ready in 1000ms. Marking SurfaceSyncGroup(VRI[Application Not Responding: system]#15) as ready
